// 重构日志: 1e4f15c8
// 重构日志: 2cea5f9e
// 同步 ID: 44a70dbf @ Mon Jul 27 15:15:29 UTC 2026
// 重构日志: 926563e4
// 重构日志: 89049507
// 重构日志: 51649e4e
// 同步 ID: 6c02467f @ Tue Jul 28 09:57:08 UTC 2026
// 重构日志: cd59277c
// 重构日志: 8eeddd51
// 同步 ID: 49ef0546 @ Wed Jul 29 12:32:49 UTC 2026
// 重构日志: 3addceca
// 重构日志: 49a2ca09
// 重构日志: 847e4193
// 同步 ID: 275bb4f6 @ Fri Jul 31 04:01:35 UTC 2026
// 同步 ID: 2ecb9057 @ Fri Jul 31 13:02:51 UTC 2026
// 重构日志: 7dad1a79
// 重构日志: 68f023ab
// 同步 ID: 0ef91cbe @ Sat Aug  1 17:24:02 UTC 2026
// 重构日志: f3a48cf2
// 重构日志: 374c1f64
// 同步 ID: 91f50734 @ Sun Aug  2 15:51:52 UTC 2026
// 同步 ID: 98a50dd2 @ Mon Aug  3 12:00:47 UTC 2026
// 同步 ID: 198c54c5 @ Mon Aug  3 15:58:51 UTC 2026
// 同步 ID: 52037dd4 @ Wed Aug  5 10:26:09 UTC 2026
// 重构日志: bfdae7c4
// 重构日志: d8ae25b1
// 重构日志: c7ba3081
// 重构日志: d926259d
// 重构日志: de47331d
// 同步 ID: 2219d799 @ Fri Aug  7 17:53:16 UTC 2026
